// Jest Snapshot v1, https://goo.gl/fbAQLP

exports[`DetailPage container renders DetailPage component 1`] = `
<img
  src="https://media.giphy.com/media/w461tXo03sQP6/giphy.gif"
/>
`;
