// Jest Snapshot v1, https://goo.gl/fbAQLP

exports[`App component renders App 1`] = `
<BrowserRouter>
  <Header />
  <Switch>
    <Route
      component={[Function]}
      exact={true}
      path="/"
    />
    <Route
      component={[Function]}
      path="/listpage/:searchQuery"
    />
    <Route
      component={[Function]}
      path="/listpage"
    />
    <Route
      component={[Function]}
      path="/detailpage/:id"
    />
    <Route
      component={[Function]}
      path="/"
    />
  </Switch>
  <Footer />
</BrowserRouter>
`;
